<testsuites id="" name="" tests="59" failures="36" skipped="23" errors="0" time="24.786948">
<testsuite name="auth.spec.ts" timestamp="2026-03-05T04:27:48.344Z" hostname="chromium" tests="12" failures="12" skipped="0" time="0.08" errors="0">
<testcase name="Authentication › Sign Up › should successfully sign up as a student" classname="auth.spec.ts" time="0.004">
<failure message="auth.spec.ts:11:5 should successfully sign up as a student" type="FAILURE">
<![CDATA[  [chromium] › auth.spec.ts:11:5 › Authentication › Sign Up › should successfully sign up as a student 

    Error: browserType.launch: Executable doesn't exist at C:\Users\dhash\AppData\Local\ms-playwright\chromium_headless_shell-1208\chrome-headless-shell-win64\chrome-headless-shell.exe
    ╔═════════════════════════════════════════════════════════════════════════╗
    ║ Looks like Playwright Test or Playwright was just installed or updated. ║
    ║ Please run the following command to download new browsers:              ║
    ║                                                                         ║
    ║     npx playwright install                                              ║
    ║                                                                         ║
    ║ <3 Playwright Team                                                      ║
    ╚═════════════════════════════════════════════════════════════════════════╝
]]>
</failure>
</testcase>
<testcase name="Authentication › Sign Up › should successfully sign up as a mentor" classname="auth.spec.ts" time="0.004">
<failure message="auth.spec.ts:36:5 should successfully sign up as a mentor" type="FAILURE">
<![CDATA[  [chromium] › auth.spec.ts:36:5 › Authentication › Sign Up › should successfully sign up as a mentor 

    Error: browserType.launch: Executable doesn't exist at C:\Users\dhash\AppData\Local\ms-playwright\chromium_headless_shell-1208\chrome-headless-shell-win64\chrome-headless-shell.exe
    ╔═════════════════════════════════════════════════════════════════════════╗
    ║ Looks like Playwright Test or Playwright was just installed or updated. ║
    ║ Please run the following command to download new browsers:              ║
    ║                                                                         ║
    ║     npx playwright install                                              ║
    ║                                                                         ║
    ║ <3 Playwright Team                                                      ║
    ╚═════════════════════════════════════════════════════════════════════════╝
]]>
</failure>
</testcase>
<testcase name="Authentication › Sign Up › should show error for invalid email" classname="auth.spec.ts" time="0.002">
<failure message="auth.spec.ts:55:5 should show error for invalid email" type="FAILURE">
<![CDATA[  [chromium] › auth.spec.ts:55:5 › Authentication › Sign Up › should show error for invalid email ──

    Error: browserType.launch: Executable doesn't exist at C:\Users\dhash\AppData\Local\ms-playwright\chromium_headless_shell-1208\chrome-headless-shell-win64\chrome-headless-shell.exe
    ╔═════════════════════════════════════════════════════════════════════════╗
    ║ Looks like Playwright Test or Playwright was just installed or updated. ║
    ║ Please run the following command to download new browsers:              ║
    ║                                                                         ║
    ║     npx playwright install                                              ║
    ║                                                                         ║
    ║ <3 Playwright Team                                                      ║
    ╚═════════════════════════════════════════════════════════════════════════╝
]]>
</failure>
</testcase>
<testcase name="Authentication › Sign Up › should show error for short password" classname="auth.spec.ts" time="0.003">
<failure message="auth.spec.ts:69:5 should show error for short password" type="FAILURE">
<![CDATA[  [chromium] › auth.spec.ts:69:5 › Authentication › Sign Up › should show error for short password ─

    Error: browserType.launch: Executable doesn't exist at C:\Users\dhash\AppData\Local\ms-playwright\chromium_headless_shell-1208\chrome-headless-shell-win64\chrome-headless-shell.exe
    ╔═════════════════════════════════════════════════════════════════════════╗
    ║ Looks like Playwright Test or Playwright was just installed or updated. ║
    ║ Please run the following command to download new browsers:              ║
    ║                                                                         ║
    ║     npx playwright install                                              ║
    ║                                                                         ║
    ║ <3 Playwright Team                                                      ║
    ╚═════════════════════════════════════════════════════════════════════════╝
]]>
</failure>
</testcase>
<testcase name="Authentication › Sign Up › should show error for short name" classname="auth.spec.ts" time="0.003">
<failure message="auth.spec.ts:82:5 should show error for short name" type="FAILURE">
<![CDATA[  [chromium] › auth.spec.ts:82:5 › Authentication › Sign Up › should show error for short name ─────

    Error: browserType.launch: Executable doesn't exist at C:\Users\dhash\AppData\Local\ms-playwright\chromium_headless_shell-1208\chrome-headless-shell-win64\chrome-headless-shell.exe
    ╔═════════════════════════════════════════════════════════════════════════╗
    ║ Looks like Playwright Test or Playwright was just installed or updated. ║
    ║ Please run the following command to download new browsers:              ║
    ║                                                                         ║
    ║     npx playwright install                                              ║
    ║                                                                         ║
    ║ <3 Playwright Team                                                      ║
    ╚═════════════════════════════════════════════════════════════════════════╝
]]>
</failure>
</testcase>
<testcase name="Authentication › Login › should successfully login with valid credentials" classname="auth.spec.ts" time="0.004">
<failure message="auth.spec.ts:97:5 should successfully login with valid credentials" type="FAILURE">
<![CDATA[  [chromium] › auth.spec.ts:97:5 › Authentication › Login › should successfully login with valid credentials 

    Error: browserType.launch: Executable doesn't exist at C:\Users\dhash\AppData\Local\ms-playwright\chromium_headless_shell-1208\chrome-headless-shell-win64\chrome-headless-shell.exe
    ╔═════════════════════════════════════════════════════════════════════════╗
    ║ Looks like Playwright Test or Playwright was just installed or updated. ║
    ║ Please run the following command to download new browsers:              ║
    ║                                                                         ║
    ║     npx playwright install                                              ║
    ║                                                                         ║
    ║ <3 Playwright Team                                                      ║
    ╚═════════════════════════════════════════════════════════════════════════╝
]]>
</failure>
</testcase>
<testcase name="Authentication › Login › should show error for invalid credentials" classname="auth.spec.ts" time="0.006">
<failure message="auth.spec.ts:112:5 should show error for invalid credentials" type="FAILURE">
<![CDATA[  [chromium] › auth.spec.ts:112:5 › Authentication › Login › should show error for invalid credentials 

    Error: browserType.launch: Executable doesn't exist at C:\Users\dhash\AppData\Local\ms-playwright\chromium_headless_shell-1208\chrome-headless-shell-win64\chrome-headless-shell.exe
    ╔═════════════════════════════════════════════════════════════════════════╗
    ║ Looks like Playwright Test or Playwright was just installed or updated. ║
    ║ Please run the following command to download new browsers:              ║
    ║                                                                         ║
    ║     npx playwright install                                              ║
    ║                                                                         ║
    ║ <3 Playwright Team                                                      ║
    ╚═════════════════════════════════════════════════════════════════════════╝
]]>
</failure>
</testcase>
<testcase name="Authentication › Login › should show error for empty fields" classname="auth.spec.ts" time="0.004">
<failure message="auth.spec.ts:123:5 should show error for empty fields" type="FAILURE">
<![CDATA[  [chromium] › auth.spec.ts:123:5 › Authentication › Login › should show error for empty fields ────

    Error: browserType.launch: Executable doesn't exist at C:\Users\dhash\AppData\Local\ms-playwright\chromium_headless_shell-1208\chrome-headless-shell-win64\chrome-headless-shell.exe
    ╔═════════════════════════════════════════════════════════════════════════╗
    ║ Looks like Playwright Test or Playwright was just installed or updated. ║
    ║ Please run the following command to download new browsers:              ║
    ║                                                                         ║
    ║     npx playwright install                                              ║
    ║                                                                         ║
    ║ <3 Playwright Team                                                      ║
    ╚═════════════════════════════════════════════════════════════════════════╝
]]>
</failure>
</testcase>
<testcase name="Authentication › Logout › should successfully logout" classname="auth.spec.ts" time="0.014">
<failure message="auth.spec.ts:135:5 should successfully logout" type="FAILURE">
<![CDATA[  [chromium] › auth.spec.ts:135:5 › Authentication › Logout › should successfully logout ───────────

    Error: browserType.launch: Executable doesn't exist at C:\Users\dhash\AppData\Local\ms-playwright\chromium_headless_shell-1208\chrome-headless-shell-win64\chrome-headless-shell.exe
    ╔═════════════════════════════════════════════════════════════════════════╗
    ║ Looks like Playwright Test or Playwright was just installed or updated. ║
    ║ Please run the following command to download new browsers:              ║
    ║                                                                         ║
    ║     npx playwright install                                              ║
    ║                                                                         ║
    ║ <3 Playwright Team                                                      ║
    ╚═════════════════════════════════════════════════════════════════════════╝
]]>
</failure>
</testcase>
<testcase name="Authentication › Password Reset › should show forgot password page" classname="auth.spec.ts" time="0.014">
<failure message="auth.spec.ts:155:5 should show forgot password page" type="FAILURE">
<![CDATA[  [chromium] › auth.spec.ts:155:5 › Authentication › Password Reset › should show forgot password page 

    Error: browserType.launch: Executable doesn't exist at C:\Users\dhash\AppData\Local\ms-playwright\chromium_headless_shell-1208\chrome-headless-shell-win64\chrome-headless-shell.exe
    ╔═════════════════════════════════════════════════════════════════════════╗
    ║ Looks like Playwright Test or Playwright was just installed or updated. ║
    ║ Please run the following command to download new browsers:              ║
    ║                                                                         ║
    ║     npx playwright install                                              ║
    ║                                                                         ║
    ║ <3 Playwright Team                                                      ║
    ╚═════════════════════════════════════════════════════════════════════════╝
]]>
</failure>
</testcase>
<testcase name="Authentication › Password Reset › should submit forgot password request" classname="auth.spec.ts" time="0.011">
<failure message="auth.spec.ts:162:5 should submit forgot password request" type="FAILURE">
<![CDATA[  [chromium] › auth.spec.ts:162:5 › Authentication › Password Reset › should submit forgot password request 

    Error: browserType.launch: Executable doesn't exist at C:\Users\dhash\AppData\Local\ms-playwright\chromium_headless_shell-1208\chrome-headless-shell-win64\chrome-headless-shell.exe
    ╔═════════════════════════════════════════════════════════════════════════╗
    ║ Looks like Playwright Test or Playwright was just installed or updated. ║
    ║ Please run the following command to download new browsers:              ║
    ║                                                                         ║
    ║     npx playwright install                                              ║
    ║                                                                         ║
    ║ <3 Playwright Team                                                      ║
    ╚═════════════════════════════════════════════════════════════════════════╝
]]>
</failure>
</testcase>
<testcase name="Authentication › Navigation › should navigate between login and signup" classname="auth.spec.ts" time="0.011">
<failure message="auth.spec.ts:174:5 should navigate between login and signup" type="FAILURE">
<![CDATA[  [chromium] › auth.spec.ts:174:5 › Authentication › Navigation › should navigate between login and signup 

    Error: browserType.launch: Executable doesn't exist at C:\Users\dhash\AppData\Local\ms-playwright\chromium_headless_shell-1208\chrome-headless-shell-win64\chrome-headless-shell.exe
    ╔═════════════════════════════════════════════════════════════════════════╗
    ║ Looks like Playwright Test or Playwright was just installed or updated. ║
    ║ Please run the following command to download new browsers:              ║
    ║                                                                         ║
    ║     npx playwright install                                              ║
    ║                                                                         ║
    ║ <3 Playwright Team                                                      ║
    ╚═════════════════════════════════════════════════════════════════════════╝
]]>
</failure>
</testcase>
</testsuite>
<testsuite name="mentor-flow.spec.ts" timestamp="2026-03-05T04:27:48.344Z" hostname="chromium" tests="11" failures="11" skipped="0" time="0.061" errors="0">
<testcase name="Mentor Flow › Browse Mentors › should display list of mentors" classname="mentor-flow.spec.ts" time="0.004">
<failure message="mentor-flow.spec.ts:11:5 should display list of mentors" type="FAILURE">
<![CDATA[  [chromium] › mentor-flow.spec.ts:11:5 › Mentor Flow › Browse Mentors › should display list of mentors 

    Error: browserType.launch: Executable doesn't exist at C:\Users\dhash\AppData\Local\ms-playwright\chromium_headless_shell-1208\chrome-headless-shell-win64\chrome-headless-shell.exe
    ╔═════════════════════════════════════════════════════════════════════════╗
    ║ Looks like Playwright Test or Playwright was just installed or updated. ║
    ║ Please run the following command to download new browsers:              ║
    ║                                                                         ║
    ║     npx playwright install                                              ║
    ║                                                                         ║
    ║ <3 Playwright Team                                                      ║
    ╚═════════════════════════════════════════════════════════════════════════╝
]]>
</failure>
</testcase>
<testcase name="Mentor Flow › Browse Mentors › should filter mentors by search" classname="mentor-flow.spec.ts" time="0.004">
<failure message="mentor-flow.spec.ts:24:5 should filter mentors by search" type="FAILURE">
<![CDATA[  [chromium] › mentor-flow.spec.ts:24:5 › Mentor Flow › Browse Mentors › should filter mentors by search 

    Error: browserType.launch: Executable doesn't exist at C:\Users\dhash\AppData\Local\ms-playwright\chromium_headless_shell-1208\chrome-headless-shell-win64\chrome-headless-shell.exe
    ╔═════════════════════════════════════════════════════════════════════════╗
    ║ Looks like Playwright Test or Playwright was just installed or updated. ║
    ║ Please run the following command to download new browsers:              ║
    ║                                                                         ║
    ║     npx playwright install                                              ║
    ║                                                                         ║
    ║ <3 Playwright Team                                                      ║
    ╚═════════════════════════════════════════════════════════════════════════╝
]]>
</failure>
</testcase>
<testcase name="Mentor Flow › Browse Mentors › should filter mentors by department" classname="mentor-flow.spec.ts" time="0.005">
<failure message="mentor-flow.spec.ts:39:5 should filter mentors by department" type="FAILURE">
<![CDATA[  [chromium] › mentor-flow.spec.ts:39:5 › Mentor Flow › Browse Mentors › should filter mentors by department 

    Error: browserType.launch: Executable doesn't exist at C:\Users\dhash\AppData\Local\ms-playwright\chromium_headless_shell-1208\chrome-headless-shell-win64\chrome-headless-shell.exe
    ╔═════════════════════════════════════════════════════════════════════════╗
    ║ Looks like Playwright Test or Playwright was just installed or updated. ║
    ║ Please run the following command to download new browsers:              ║
    ║                                                                         ║
    ║     npx playwright install                                              ║
    ║                                                                         ║
    ║ <3 Playwright Team                                                      ║
    ╚═════════════════════════════════════════════════════════════════════════╝
]]>
</failure>
</testcase>
<testcase name="Mentor Flow › Mentor Profile › should view mentor profile page" classname="mentor-flow.spec.ts" time="0.005">
<failure message="mentor-flow.spec.ts:59:5 should view mentor profile page" type="FAILURE">
<![CDATA[  [chromium] › mentor-flow.spec.ts:59:5 › Mentor Flow › Mentor Profile › should view mentor profile page 

    Error: browserType.launch: Executable doesn't exist at C:\Users\dhash\AppData\Local\ms-playwright\chromium_headless_shell-1208\chrome-headless-shell-win64\chrome-headless-shell.exe
    ╔═════════════════════════════════════════════════════════════════════════╗
    ║ Looks like Playwright Test or Playwright was just installed or updated. ║
    ║ Please run the following command to download new browsers:              ║
    ║                                                                         ║
    ║     npx playwright install                                              ║
    ║                                                                         ║
    ║ <3 Playwright Team                                                      ║
    ╚═════════════════════════════════════════════════════════════════════════╝
]]>
</failure>
</testcase>
<testcase name="Mentor Flow › Contact Mentor › should prompt login when not authenticated" classname="mentor-flow.spec.ts" time="0.007">
<failure message="mentor-flow.spec.ts:75:5 should prompt login when not authenticated" type="FAILURE">
<![CDATA[  [chromium] › mentor-flow.spec.ts:75:5 › Mentor Flow › Contact Mentor › should prompt login when not authenticated 

    Error: browserType.launch: Executable doesn't exist at C:\Users\dhash\AppData\Local\ms-playwright\chromium_headless_shell-1208\chrome-headless-shell-win64\chrome-headless-shell.exe
    ╔═════════════════════════════════════════════════════════════════════════╗
    ║ Looks like Playwright Test or Playwright was just installed or updated. ║
    ║ Please run the following command to download new browsers:              ║
    ║                                                                         ║
    ║     npx playwright install                                              ║
    ║                                                                         ║
    ║ <3 Playwright Team                                                      ║
    ╚═════════════════════════════════════════════════════════════════════════╝
]]>
</failure>
</testcase>
<testcase name="Mentor Flow › Contact Mentor › should allow logged-in student to contact mentor" classname="mentor-flow.spec.ts" time="0.007">
<failure message="mentor-flow.spec.ts:89:5 should allow logged-in student to contact mentor" type="FAILURE">
<![CDATA[  [chromium] › mentor-flow.spec.ts:89:5 › Mentor Flow › Contact Mentor › should allow logged-in student to contact mentor 

    Error: browserType.launch: Executable doesn't exist at C:\Users\dhash\AppData\Local\ms-playwright\chromium_headless_shell-1208\chrome-headless-shell-win64\chrome-headless-shell.exe
    ╔═════════════════════════════════════════════════════════════════════════╗
    ║ Looks like Playwright Test or Playwright was just installed or updated. ║
    ║ Please run the following command to download new browsers:              ║
    ║                                                                         ║
    ║     npx playwright install                                              ║
    ║                                                                         ║
    ║ <3 Playwright Team                                                      ║
    ╚═════════════════════════════════════════════════════════════════════════╝
]]>
</failure>
</testcase>
<testcase name="Mentor Flow › Become a Mentor › should show become mentor form" classname="mentor-flow.spec.ts" time="0.01">
<failure message="mentor-flow.spec.ts:117:5 should show become mentor form" type="FAILURE">
<![CDATA[  [chromium] › mentor-flow.spec.ts:117:5 › Mentor Flow › Become a Mentor › should show become mentor form 

    Error: browserType.launch: Executable doesn't exist at C:\Users\dhash\AppData\Local\ms-playwright\chromium_headless_shell-1208\chrome-headless-shell-win64\chrome-headless-shell.exe
    ╔═════════════════════════════════════════════════════════════════════════╗
    ║ Looks like Playwright Test or Playwright was just installed or updated. ║
    ║ Please run the following command to download new browsers:              ║
    ║                                                                         ║
    ║     npx playwright install                                              ║
    ║                                                                         ║
    ║ <3 Playwright Team                                                      ║
    ╚═════════════════════════════════════════════════════════════════════════╝
]]>
</failure>
</testcase>
<testcase name="Mentor Flow › Become a Mentor › should validate mentor application form" classname="mentor-flow.spec.ts" time="0.008">
<failure message="mentor-flow.spec.ts:126:5 should validate mentor application form" type="FAILURE">
<![CDATA[  [chromium] › mentor-flow.spec.ts:126:5 › Mentor Flow › Become a Mentor › should validate mentor application form 

    Error: browserType.launch: Executable doesn't exist at C:\Users\dhash\AppData\Local\ms-playwright\chromium_headless_shell-1208\chrome-headless-shell-win64\chrome-headless-shell.exe
    ╔═════════════════════════════════════════════════════════════════════════╗
    ║ Looks like Playwright Test or Playwright was just installed or updated. ║
    ║ Please run the following command to download new browsers:              ║
    ║                                                                         ║
    ║     npx playwright install                                              ║
    ║                                                                         ║
    ║ <3 Playwright Team                                                      ║
    ╚═════════════════════════════════════════════════════════════════════════╝
]]>
</failure>
</testcase>
<testcase name="Mentor Flow › Become a Mentor › should submit valid mentor application" classname="mentor-flow.spec.ts" time="0.003">
<failure message="mentor-flow.spec.ts:138:5 should submit valid mentor application" type="FAILURE">
<![CDATA[  [chromium] › mentor-flow.spec.ts:138:5 › Mentor Flow › Become a Mentor › should submit valid mentor application 

    Error: browserType.launch: Executable doesn't exist at C:\Users\dhash\AppData\Local\ms-playwright\chromium_headless_shell-1208\chrome-headless-shell-win64\chrome-headless-shell.exe
    ╔═════════════════════════════════════════════════════════════════════════╗
    ║ Looks like Playwright Test or Playwright was just installed or updated. ║
    ║ Please run the following command to download new browsers:              ║
    ║                                                                         ║
    ║     npx playwright install                                              ║
    ║                                                                         ║
    ║ <3 Playwright Team                                                      ║
    ╚═════════════════════════════════════════════════════════════════════════╝
]]>
</failure>
</testcase>
<testcase name="Mentor Flow › Mentor Dashboard › should display mentor dashboard for mentors" classname="mentor-flow.spec.ts" time="0.004">
<failure message="mentor-flow.spec.ts:181:5 should display mentor dashboard for mentors" type="FAILURE">
<![CDATA[  [chromium] › mentor-flow.spec.ts:181:5 › Mentor Flow › Mentor Dashboard › should display mentor dashboard for mentors 

    Error: browserType.launch: Executable doesn't exist at C:\Users\dhash\AppData\Local\ms-playwright\chromium_headless_shell-1208\chrome-headless-shell-win64\chrome-headless-shell.exe
    ╔═════════════════════════════════════════════════════════════════════════╗
    ║ Looks like Playwright Test or Playwright was just installed or updated. ║
    ║ Please run the following command to download new browsers:              ║
    ║                                                                         ║
    ║     npx playwright install                                              ║
    ║                                                                         ║
    ║ <3 Playwright Team                                                      ║
    ╚═════════════════════════════════════════════════════════════════════════╝
]]>
</failure>
</testcase>
<testcase name="Mentor Flow › Mentor Dashboard › should not allow students to access mentor dashboard" classname="mentor-flow.spec.ts" time="0.004">
<failure message="mentor-flow.spec.ts:192:5 should not allow students to access mentor dashboard" type="FAILURE">
<![CDATA[  [chromium] › mentor-flow.spec.ts:192:5 › Mentor Flow › Mentor Dashboard › should not allow students to access mentor dashboard 

    Error: browserType.launch: Executable doesn't exist at C:\Users\dhash\AppData\Local\ms-playwright\chromium_headless_shell-1208\chrome-headless-shell-win64\chrome-headless-shell.exe
    ╔═════════════════════════════════════════════════════════════════════════╗
    ║ Looks like Playwright Test or Playwright was just installed or updated. ║
    ║ Please run the following command to download new browsers:              ║
    ║                                                                         ║
    ║     npx playwright install                                              ║
    ║                                                                         ║
    ║ <3 Playwright Team                                                      ║
    ╚═════════════════════════════════════════════════════════════════════════╝
]]>
</failure>
</testcase>
</testsuite>
<testsuite name="security-and-errors.spec.ts" timestamp="2026-03-05T04:27:48.344Z" hostname="chromium" tests="20" failures="13" skipped="7" time="0.058" errors="0">
<testcase name="Security Tests › Authentication Protection › should redirect unauthorized users from protected pages" classname="security-and-errors.spec.ts" time="0.004">
<failure message="security-and-errors.spec.ts:9:5 should redirect unauthorized users from protected pages" type="FAILURE">
<![CDATA[  [chromium] › security-and-errors.spec.ts:9:5 › Security Tests › Authentication Protection › should redirect unauthorized users from protected pages 

    Error: browserType.launch: Executable doesn't exist at C:\Users\dhash\AppData\Local\ms-playwright\chromium_headless_shell-1208\chrome-headless-shell-win64\chrome-headless-shell.exe
    ╔═════════════════════════════════════════════════════════════════════════╗
    ║ Looks like Playwright Test or Playwright was just installed or updated. ║
    ║ Please run the following command to download new browsers:              ║
    ║                                                                         ║
    ║     npx playwright install                                              ║
    ║                                                                         ║
    ║ <3 Playwright Team                                                      ║
    ╚═════════════════════════════════════════════════════════════════════════╝
]]>
</failure>
</testcase>
<testcase name="Security Tests › Authentication Protection › should not allow SQL injection in search" classname="security-and-errors.spec.ts" time="0.007">
<failure message="security-and-errors.spec.ts:26:5 should not allow SQL injection in search" type="FAILURE">
<![CDATA[  [chromium] › security-and-errors.spec.ts:26:5 › Security Tests › Authentication Protection › should not allow SQL injection in search 

    Error: browserType.launch: Executable doesn't exist at C:\Users\dhash\AppData\Local\ms-playwright\chromium_headless_shell-1208\chrome-headless-shell-win64\chrome-headless-shell.exe
    ╔═════════════════════════════════════════════════════════════════════════╗
    ║ Looks like Playwright Test or Playwright was just installed or updated. ║
    ║ Please run the following command to download new browsers:              ║
    ║                                                                         ║
    ║     npx playwright install                                              ║
    ║                                                                         ║
    ║ <3 Playwright Team                                                      ║
    ╚═════════════════════════════════════════════════════════════════════════╝
]]>
</failure>
</testcase>
<testcase name="Security Tests › Authentication Protection › should prevent XSS in user inputs" classname="security-and-errors.spec.ts" time="0.006">
<failure message="security-and-errors.spec.ts:48:5 should prevent XSS in user inputs" type="FAILURE">
<![CDATA[  [chromium] › security-and-errors.spec.ts:48:5 › Security Tests › Authentication Protection › should prevent XSS in user inputs 

    Error: browserType.launch: Executable doesn't exist at C:\Users\dhash\AppData\Local\ms-playwright\chromium_headless_shell-1208\chrome-headless-shell-win64\chrome-headless-shell.exe
    ╔═════════════════════════════════════════════════════════════════════════╗
    ║ Looks like Playwright Test or Playwright was just installed or updated. ║
    ║ Please run the following command to download new browsers:              ║
    ║                                                                         ║
    ║     npx playwright install                                              ║
    ║                                                                         ║
    ║ <3 Playwright Team                                                      ║
    ╚═════════════════════════════════════════════════════════════════════════╝
]]>
</failure>
</testcase>
<testcase name="Security Tests › Rate Limiting › should handle multiple rapid submissions gracefully" classname="security-and-errors.spec.ts" time="0.006">
<failure message="security-and-errors.spec.ts:64:5 should handle multiple rapid submissions gracefully" type="FAILURE">
<![CDATA[  [chromium] › security-and-errors.spec.ts:64:5 › Security Tests › Rate Limiting › should handle multiple rapid submissions gracefully 

    Error: browserType.launch: Executable doesn't exist at C:\Users\dhash\AppData\Local\ms-playwright\chromium_headless_shell-1208\chrome-headless-shell-win64\chrome-headless-shell.exe
    ╔═════════════════════════════════════════════════════════════════════════╗
    ║ Looks like Playwright Test or Playwright was just installed or updated. ║
    ║ Please run the following command to download new browsers:              ║
    ║                                                                         ║
    ║     npx playwright install                                              ║
    ║                                                                         ║
    ║ <3 Playwright Team                                                      ║
    ╚═════════════════════════════════════════════════════════════════════════╝
]]>
</failure>
</testcase>
<testcase name="Security Tests › Data Validation › should validate email format" classname="security-and-errors.spec.ts" time="0.006">
<failure message="security-and-errors.spec.ts:87:5 should validate email format" type="FAILURE">
<![CDATA[  [chromium] › security-and-errors.spec.ts:87:5 › Security Tests › Data Validation › should validate email format 

    Error: browserType.launch: Executable doesn't exist at C:\Users\dhash\AppData\Local\ms-playwright\chromium_headless_shell-1208\chrome-headless-shell-win64\chrome-headless-shell.exe
    ╔═════════════════════════════════════════════════════════════════════════╗
    ║ Looks like Playwright Test or Playwright was just installed or updated. ║
    ║ Please run the following command to download new browsers:              ║
    ║                                                                         ║
    ║     npx playwright install                                              ║
    ║                                                                         ║
    ║ <3 Playwright Team                                                      ║
    ╚═════════════════════════════════════════════════════════════════════════╝
]]>
</failure>
</testcase>
<testcase name="Security Tests › Data Validation › should enforce minimum password length" classname="security-and-errors.spec.ts" time="0.004">
<failure message="security-and-errors.spec.ts:111:5 should enforce minimum password length" type="FAILURE">
<![CDATA[  [chromium] › security-and-errors.spec.ts:111:5 › Security Tests › Data Validation › should enforce minimum password length 

    Error: browserType.launch: Executable doesn't exist at C:\Users\dhash\AppData\Local\ms-playwright\chromium_headless_shell-1208\chrome-headless-shell-win64\chrome-headless-shell.exe
    ╔═════════════════════════════════════════════════════════════════════════╗
    ║ Looks like Playwright Test or Playwright was just installed or updated. ║
    ║ Please run the following command to download new browsers:              ║
    ║                                                                         ║
    ║     npx playwright install                                              ║
    ║                                                                         ║
    ║ <3 Playwright Team                                                      ║
    ╚═════════════════════════════════════════════════════════════════════════╝
]]>
</failure>
</testcase>
<testcase name="Security Tests › Data Validation › should validate required fields in mentor application" classname="security-and-errors.spec.ts" time="0.004">
<failure message="security-and-errors.spec.ts:123:5 should validate required fields in mentor application" type="FAILURE">
<![CDATA[  [chromium] › security-and-errors.spec.ts:123:5 › Security Tests › Data Validation › should validate required fields in mentor application 

    Error: browserType.launch: Executable doesn't exist at C:\Users\dhash\AppData\Local\ms-playwright\chromium_headless_shell-1208\chrome-headless-shell-win64\chrome-headless-shell.exe
    ╔═════════════════════════════════════════════════════════════════════════╗
    ║ Looks like Playwright Test or Playwright was just installed or updated. ║
    ║ Please run the following command to download new browsers:              ║
    ║                                                                         ║
    ║     npx playwright install                                              ║
    ║                                                                         ║
    ║ <3 Playwright Team                                                      ║
    ╚═════════════════════════════════════════════════════════════════════════╝
]]>
</failure>
</testcase>
<testcase name="Error Handling › Network Errors › should handle offline mode gracefully" classname="security-and-errors.spec.ts" time="0.004">
<failure message="security-and-errors.spec.ts:139:5 should handle offline mode gracefully" type="FAILURE">
<![CDATA[  [chromium] › security-and-errors.spec.ts:139:5 › Error Handling › Network Errors › should handle offline mode gracefully 

    Error: browserType.launch: Executable doesn't exist at C:\Users\dhash\AppData\Local\ms-playwright\chromium_headless_shell-1208\chrome-headless-shell-win64\chrome-headless-shell.exe
    ╔═════════════════════════════════════════════════════════════════════════╗
    ║ Looks like Playwright Test or Playwright was just installed or updated. ║
    ║ Please run the following command to download new browsers:              ║
    ║                                                                         ║
    ║     npx playwright install                                              ║
    ║                                                                         ║
    ║ <3 Playwright Team                                                      ║
    ╚═════════════════════════════════════════════════════════════════════════╝
]]>
</failure>
</testcase>
<testcase name="Error Handling › Network Errors › should show error on failed API requests" classname="security-and-errors.spec.ts" time="0.003">
<failure message="security-and-errors.spec.ts:154:5 should show error on failed API requests" type="FAILURE">
<![CDATA[  [chromium] › security-and-errors.spec.ts:154:5 › Error Handling › Network Errors › should show error on failed API requests 

    Error: browserType.launch: Executable doesn't exist at C:\Users\dhash\AppData\Local\ms-playwright\chromium_headless_shell-1208\chrome-headless-shell-win64\chrome-headless-shell.exe
    ╔═════════════════════════════════════════════════════════════════════════╗
    ║ Looks like Playwright Test or Playwright was just installed or updated. ║
    ║ Please run the following command to download new browsers:              ║
    ║                                                                         ║
    ║     npx playwright install                                              ║
    ║                                                                         ║
    ║ <3 Playwright Team                                                      ║
    ╚═════════════════════════════════════════════════════════════════════════╝
]]>
</failure>
</testcase>
<testcase name="Error Handling › Invalid Routes › should show 404 page for non-existent routes" classname="security-and-errors.spec.ts" time="0.004">
<failure message="security-and-errors.spec.ts:169:5 should show 404 page for non-existent routes" type="FAILURE">
<![CDATA[  [chromium] › security-and-errors.spec.ts:169:5 › Error Handling › Invalid Routes › should show 404 page for non-existent routes 

    Error: browserType.launch: Executable doesn't exist at C:\Users\dhash\AppData\Local\ms-playwright\chromium_headless_shell-1208\chrome-headless-shell-win64\chrome-headless-shell.exe
    ╔═════════════════════════════════════════════════════════════════════════╗
    ║ Looks like Playwright Test or Playwright was just installed or updated. ║
    ║ Please run the following command to download new browsers:              ║
    ║                                                                         ║
    ║     npx playwright install                                              ║
    ║                                                                         ║
    ║ <3 Playwright Team                                                      ║
    ╚═════════════════════════════════════════════════════════════════════════╝
]]>
</failure>
</testcase>
<testcase name="Error Handling › Invalid Routes › should show 404 for invalid mentor ID" classname="security-and-errors.spec.ts" time="0.003">
<failure message="security-and-errors.spec.ts:175:5 should show 404 for invalid mentor ID" type="FAILURE">
<![CDATA[  [chromium] › security-and-errors.spec.ts:175:5 › Error Handling › Invalid Routes › should show 404 for invalid mentor ID 

    Error: browserType.launch: Executable doesn't exist at C:\Users\dhash\AppData\Local\ms-playwright\chromium_headless_shell-1208\chrome-headless-shell-win64\chrome-headless-shell.exe
    ╔═════════════════════════════════════════════════════════════════════════╗
    ║ Looks like Playwright Test or Playwright was just installed or updated. ║
    ║ Please run the following command to download new browsers:              ║
    ║                                                                         ║
    ║     npx playwright install                                              ║
    ║                                                                         ║
    ║ <3 Playwright Team                                                      ║
    ╚═════════════════════════════════════════════════════════════════════════╝
]]>
</failure>
</testcase>
<testcase name="Error Handling › Form Errors › should handle form submission errors" classname="security-and-errors.spec.ts" time="0.003">
<failure message="security-and-errors.spec.ts:187:5 should handle form submission errors" type="FAILURE">
<![CDATA[  [chromium] › security-and-errors.spec.ts:187:5 › Error Handling › Form Errors › should handle form submission errors 

    Error: browserType.launch: Executable doesn't exist at C:\Users\dhash\AppData\Local\ms-playwright\chromium_headless_shell-1208\chrome-headless-shell-win64\chrome-headless-shell.exe
    ╔═════════════════════════════════════════════════════════════════════════╗
    ║ Looks like Playwright Test or Playwright was just installed or updated. ║
    ║ Please run the following command to download new browsers:              ║
    ║                                                                         ║
    ║     npx playwright install                                              ║
    ║                                                                         ║
    ║ <3 Playwright Team                                                      ║
    ╚═════════════════════════════════════════════════════════════════════════╝
]]>
</failure>
</testcase>
<testcase name="Edge Cases › Empty States › should show empty state for no mentors" classname="security-and-errors.spec.ts" time="0.003">
<failure message="security-and-errors.spec.ts:206:5 should show empty state for no mentors" type="FAILURE">
<![CDATA[  [chromium] › security-and-errors.spec.ts:206:5 › Edge Cases › Empty States › should show empty state for no mentors 

    Error: browserType.launch: Executable doesn't exist at C:\Users\dhash\AppData\Local\ms-playwright\chromium_headless_shell-1208\chrome-headless-shell-win64\chrome-headless-shell.exe
    ╔═════════════════════════════════════════════════════════════════════════╗
    ║ Looks like Playwright Test or Playwright was just installed or updated. ║
    ║ Please run the following command to download new browsers:              ║
    ║                                                                         ║
    ║     npx playwright install                                              ║
    ║                                                                         ║
    ║ <3 Playwright Team                                                      ║
    ╚═════════════════════════════════════════════════════════════════════════╝
]]>
</failure>
</testcase>
<testcase name="Edge Cases › Empty States › should show empty state for no conversations" classname="security-and-errors.spec.ts" time="0">
<skipped>
</skipped>
</testcase>
<testcase name="Edge Cases › Special Characters › should handle special characters in search" classname="security-and-errors.spec.ts" time="0.001">
<skipped>
</skipped>
</testcase>
<testcase name="Edge Cases › Special Characters › should handle emoji in profile name" classname="security-and-errors.spec.ts" time="0">
<skipped>
</skipped>
</testcase>
<testcase name="Edge Cases › Boundary Values › should handle very long names" classname="security-and-errors.spec.ts" time="0">
<skipped>
</skipped>
</testcase>
<testcase name="Edge Cases › Boundary Values › should handle maximum hourly rate" classname="security-and-errors.spec.ts" time="0">
<skipped>
</skipped>
</testcase>
<testcase name="Edge Cases › Concurrent Actions › should handle multiple tabs" classname="security-and-errors.spec.ts" time="0">
<skipped>
</skipped>
</testcase>
<testcase name="Edge Cases › Performance › should load pages within reasonable time" classname="security-and-errors.spec.ts" time="0">
<skipped>
</skipped>
</testcase>
</testsuite>
<testsuite name="student-flow.spec.ts" timestamp="2026-03-05T04:27:48.344Z" hostname="chromium" tests="16" failures="0" skipped="16" time="0" errors="0">
<testcase name="Student Dashboard › should display student dashboard" classname="student-flow.spec.ts" time="0">
<skipped>
</skipped>
</testcase>
<testcase name="Student Dashboard › should show upcoming sessions" classname="student-flow.spec.ts" time="0">
<skipped>
</skipped>
</testcase>
<testcase name="Student Dashboard › should show contacted mentors" classname="student-flow.spec.ts" time="0">
<skipped>
</skipped>
</testcase>
<testcase name="Student Dashboard › should navigate to mentors page from dashboard" classname="student-flow.spec.ts" time="0">
<skipped>
</skipped>
</testcase>
<testcase name="Profile Management › should access edit profile page" classname="student-flow.spec.ts" time="0">
<skipped>
</skipped>
</testcase>
<testcase name="Profile Management › should update profile information" classname="student-flow.spec.ts" time="0">
<skipped>
</skipped>
</testcase>
<testcase name="Profile Management › should add subjects to profile" classname="student-flow.spec.ts" time="0">
<skipped>
</skipped>
</testcase>
<testcase name="Profile Management › should remove subjects from profile" classname="student-flow.spec.ts" time="0">
<skipped>
</skipped>
</testcase>
<testcase name="Study Assistant › should access study assistant" classname="student-flow.spec.ts" time="0">
<skipped>
</skipped>
</testcase>
<testcase name="Study Assistant › should display suggested questions" classname="student-flow.spec.ts" time="0">
<skipped>
</skipped>
</testcase>
<testcase name="Study Assistant › should send a message to study assistant" classname="student-flow.spec.ts" time="0">
<skipped>
</skipped>
</testcase>
<testcase name="Study Assistant › should use suggested question" classname="student-flow.spec.ts" time="0">
<skipped>
</skipped>
</testcase>
<testcase name="Messaging › should access chat page" classname="student-flow.spec.ts" time="0">
<skipped>
</skipped>
</testcase>
<testcase name="Messaging › should display conversation list" classname="student-flow.spec.ts" time="0">
<skipped>
</skipped>
</testcase>
<testcase name="Navigation › should navigate between pages via navbar" classname="student-flow.spec.ts" time="0">
<skipped>
</skipped>
</testcase>
<testcase name="Navigation › should maintain session across page refreshes" classname="student-flow.spec.ts" time="0">
<skipped>
</skipped>
</testcase>
</testsuite>
</testsuites>